emulator:Android emulator version 25.3.0.0 (build_id 3394391)
emulator:Found AVD name 'Test-Emulator-API23-Nexus-5-0'
emulator:Found AVD target architecture: x86_64
emulator:Deleting file /Users/F1sherKK/.android/avd/Test-Emulator-API23-Nexus-5-0.avd/system.img.qcow2 failed
emulator:Deleting file /Users/F1sherKK/.android/avd/Test-Emulator-API23-Nexus-5-0.avd/userdata-qemu.img failed
emulator:Deleting file /Users/F1sherKK/.android/avd/Test-Emulator-API23-Nexus-5-0.avd/userdata-qemu.img.qcow2 failed
emulator:Deleting file /Users/F1sherKK/.android/avd/Test-Emulator-API23-Nexus-5-0.avd/userdata.img done
emulator:Deleting file /Users/F1sherKK/.android/avd/Test-Emulator-API23-Nexus-5-0.avd/userdata.img.qcow2 failed
emulator:Deleting file /Users/F1sherKK/.android/avd/Test-Emulator-API23-Nexus-5-0.avd/cache.img failed
emulator:Deleting file /Users/F1sherKK/.android/avd/Test-Emulator-API23-Nexus-5-0.avd/cache.img.qcow2 failed
emulator:Deleting file /Users/F1sherKK/.android/avd/Test-Emulator-API23-Nexus-5-0.avd/version_num.cache failed
emulator:Deleting file /Users/F1sherKK/.android/avd/Test-Emulator-API23-Nexus-5-0.avd/sdcard.img.qcow2 failed
emulator:Deleting file /Users/F1sherKK/.android/avd/Test-Emulator-API23-Nexus-5-0.avd/encryptionkey.img failed
emulator:Deleting file /Users/F1sherKK/.android/avd/Test-Emulator-API23-Nexus-5-0.avd/encryptionkey.img.qcow2 failed
emulator:Deleting file /Users/F1sherKK/.android/avd/Test-Emulator-API23-Nexus-5-0.avd/hardware-qemu.ini failed
emulator:Deleting file /Users/F1sherKK/.android/avd/Test-Emulator-API23-Nexus-5-0.avd/emulator-user.ini failed
emulator:  Found directory: /Users/F1sherKK/Library/Android/sdk/system-images/android-23/google_apis/x86_64/

emulator:Copying /Users/F1sherKK/Library/Android/sdk/system-images/android-23/google_apis/x86_64/userdata.img to /Users/F1sherKK/.android/avd/Test-Emulator-API23-Nexus-5-0.avd/userdata.img done
emulator:argv[0]: '/Users/F1sherKK/Library/Android/sdk/tools/emulator'; program directory: '/Users/F1sherKK/Library/Android/sdk/tools'
emulator:  Found directory: /Users/F1sherKK/Library/Android/sdk/system-images/android-23/google_apis/x86_64/

emulator:Probing for /Users/F1sherKK/Library/Android/sdk/system-images/android-23/google_apis/x86_64//kernel-ranchu: file exists
emulator:Auto-config: -engine qemu2 (based on configuration)
emulator:  Found directory: /Users/F1sherKK/Library/Android/sdk/system-images/android-23/google_apis/x86_64/

emulator:try dir /Users/F1sherKK/Library/Android/sdk/tools
emulator:try dir /Users/F1sherKK/Library/Android/sdk/tools/
emulator:try dir /Users/F1sherKK/Library/Android/sdk/emulator
emulator:Found target-specific 64-bit emulator binary: /Users/F1sherKK/Library/Android/sdk/emulator/qemu/darwin-x86_64/qemu-system-x86_64
emulator:Adding library search path: '/Users/F1sherKK/Library/Android/sdk/emulator/lib64'
emulator:  Found directory: /Users/F1sherKK/Library/Android/sdk/system-images/android-23/google_apis/x86_64/

emulator:  Found directory: /Users/F1sherKK/Library/Android/sdk/system-images/android-23/google_apis/x86_64/

emulator:GPU emulation enabled using 'host' mode
emulator: Adding library search path for Qt: '/Users/F1sherKK/Library/Android/sdk/emulator/lib64/qt/lib'
emulator: Setting Qt plugin search path: QT_QPA_PLATFORM_PLUGIN_PATH=/Users/F1sherKK/Library/Android/sdk/emulator/lib64/qt/plugins
emulator: Running :/Users/F1sherKK/Library/Android/sdk/emulator/qemu/darwin-x86_64/qemu-system-x86_64
emulator: qemu backend: argv[00] = "/Users/F1sherKK/Library/Android/sdk/emulator/qemu/darwin-x86_64/qemu-system-x86_64"
emulator: qemu backend: argv[01] = "-avd"
emulator: qemu backend: argv[02] = "Test-Emulator-API23-Nexus-5-0"
emulator: qemu backend: argv[03] = "-port"
emulator: qemu backend: argv[04] = "5556"
emulator: qemu backend: argv[05] = "-wipe-data"
emulator: qemu backend: argv[06] = "-initdata"
emulator: qemu backend: argv[07] = "/Users/F1sherKK/Android/AVD_Snapshots/Nexus_5X_API_23/Nexus_5X_API_23_SNAPSHOT.img"
emulator: qemu backend: argv[08] = "-gpu"
emulator: qemu backend: argv[09] = "on"
emulator: qemu bacemulator: Android virtual device file at: /Users/F1sherKK/.android/avd/Test-Emulator-API23-Nexus-5-0.ini
emulator: virtual device content at /Users/F1sherKK/.android/avd/Test-Emulator-API23-Nexus-5-0.avd
emulator: virtual device config file: /Users/F1sherKK/.android/avd/Test-Emulator-API23-Nexus-5-0.avd/config.ini
emulator: using core hw config path: /Users/F1sherKK/.android/avd/Test-Emulator-API23-Nexus-5-0.avd/hardware-qemu.ini
emulator: Found AVD target API level: 23
emulator: Read property file at /Users/F1sherKK/Library/Android/sdk/system-images/android-23/google_apis/x86_64//build.prop
emulator: No boot.prop property file found.
emulator: found skin 'nexus_5x' in directory: /Users/F1sherKK/Library/Android/sdk/skins/
emulator: autoconfig: -skin nexus_5x
emulator: autoconfig: -skindir /Users/F1sherKK/Library/Android/sdk/skins/
emulator: autoconfig: -kernel /Users/F1sherKK/Library/Android/sdk/system-images/android-23/google_apis/x86_64//kernel-ranchu
emulator: Target arch = 'x86_64'
emulator: Auto-detect: Kernel image requires new device naming scheme.
emulator: Auto-detect: Kernel does not support YAFFS2 partitions.
emulator: autoconfig: -ramdisk /Users/F1sherKK/Library/Android/sdk/system-images/android-23/google_apis/x86_64//ramdisk.img
emulator: Using initial system image: /Users/F1sherKK/Library/Android/sdk/system-images/android-23/google_apis/x86_64//system.img
emulator: autoconfig: -cache /Users/F1sherKK/.android/avd/Test-Emulator-API23-Nexus-5-0.avd/cache.img
emulator: Physical RAM size: 1536MB

emulator: VM heap size 256MB is below hardware specified minimum of 384MB,setting it to that value
emulator: System image is read only
emulator: GPU emulation enabled using 'host' mode
emulator: Found 2 DNS servers: 192.168.1.1 192.168.1.1
emulator: trying to load skin file '/Users/F1sherKK/Library/Android/sdk/skins//nexus_5x/layout'
emulator: Requested console port 5556: Inferring adb port 5557.
Creating filesystem with parameters:
    Size: 2147483648
    Block size: 4096
    Blocks per group: 32768
    Inodes per group: 8192
    Inode size: 256
    Journal blocks: 8192
    Label: 
    Blocks: 524288
    Block groups: 16
    Reserved block group size: 127
Created filesystem with 42/131072 inodes and 18824/524288 blocks
emulator: Creating empty ext4 cache partition: /Users/F1sherKK/.android/avd/Test-Emulator-API23-Nexus-5-0.avd/cache.img
Creating filesystem with parameters:
    Size: 69206016
    Block size: 4096
    Blocks per group: 32768
    Inodes per group: 4224
    Inode size: 256
    Journal blocks: 1024
    Label: 
    Blocks: 16896
    Block groups: 1
    Reserved block group size: 7
Created filesystem with 11/4224 inodes and 1302/16896 blocks
emulator: CPU Acceleration: working
emulator: CPU Acceleration status: HAXM version 6.1.1 (4) is installed and usable.
emulator: Using default value for kernel Contiguous Memory Allocation.
emulator: Found 2 DNS servers: 192.168.1.1 192.168.1.1
Content of hardware configuration file:
  hw.cpu.arch = x86_64
  hw.cpu.ncore = 4
  hw.ramSize = 1536
  hw.screen = multi-touch
  hw.mainKeys = false
  hw.trackBall = false
  hw.keyboard = true
  hw.keyboard.lid = false
  hw.keyboard.charmap = qwerty2
  hw.dPad = false
  hw.gsmModem = true
  hw.gps = true
  hw.battery = true
  hw.accelerometer = true
  hw.audioInput = true
  hw.audioOutput = true
  hw.sdCard = true
  disk.cachePartition = true
  disk.cachePartition.path = /Users/F1sherKK/.android/avd/Test-Emulator-API23-Nexus-5-0.avd/cache.img
  disk.cachePartition.size = 66m
  hw.lcd.width = 1080
  hw.lcd.height = 1920
  hw.lcd.depth = 16
  hw.lcd.density = 420
  hw.lcd.backlight = true
  hw.gpu.enabled = true
  hw.gpu.mode = host
  hw.gpu.blacklisted = no
  hw.initialOrientation = Portrait
  hw.camera.back = emulated
  hw.camera.front = emulated
  vm.heapSize = 384
  hw.sensors.light = true
  hw.sensors.pressure = true
  hw.sensors.humidity = true
  hw.sensors.proximity = true
  hw.sensors.magnetic_field = true
  hw.sensors.orientation = true
  hw.sensors.temperature = true
  hw.useext4 = true
  kernel.path = /Users/F1sherKK/Library/Android/sdk/system-images/android-23/google_apis/x86_64//kernel-ranchu
  kernel.newDeviceNaming = yes
  kernel.supportsYaffs2 = no
  disk.ramdisk.path = /Users/F1sherKK/Library/Android/sdk/system-images/android-23/google_apis/x86_64//ramdisk.img
  disk.systemPartition.initPath = /Users/F1sherKK/Library/Android/sdk/system-images/android-23/google_apis/x86_64//system.img
  disk.systemPartition.size = 1536m
  disk.dataPartition.path = /Users/F1sherKK/.android/avd/Test-Emulator-API23-Nexus-5-0.avd/userdata-qemu.img
  disk.dataPartition.initPath = /Users/F1sherKK/Android/AVD_Snapshots/Nexus_5X_API_23/Nexus_5X_API_23_SNAPSHOT.img
  disk.dataPartition.size = 2g
  disk.encryptionKeyPartition.path = /Users/F1sherKK/.android/avd/Test-Emulator-API23-Nexus-5-0.avd/encryptionkey.img
  avd.name = Test-Emulator-API23-Nexus-5-0
.
QEMU options list:
emulator: argv[00] = "/Users/F1sherKK/Library/Android/sdk/emulator/qemu/darwin-x86_64/qemu-system-x86_64"
emulator: argv[01] = "-dns-server"
emulator: argv[02] = "192.168.1.1,192.168.1.1"
emulator: argv[03] = "-serial"
emulator: argv[04] = "stdio"
emulator: argv[05] = "-android-ports"
emulator: argv[06] = "5556,5557"
emulator: argv[07] = "-cpu"
emulator: argv[08] = "android64"
emulator: argv[09] = "-enable-hax"
emulator: argv[10] = "-smp"
emulator: argv[11] = "cores=4"
emulator: argv[12] = "-m"
emulator: argv[13] = "1536"
emulator: argv[14] = "-lcd-density"
emulator: argv[15] = "420"
emulator: argv[16] = "-kernel"
emulator: argv[17] = "/Users/F1sherKK/Library/Android/sdk/system-images/android-23/google_apis/x86_64//kernel-ranchu"
emulator: argv[18] = "-initrd"
emulator: argv[19] = "/Users/F1sherKK/Library/Android/sdk/system-images/android-23/google_apis/x86_64//ramdisk.img"
emulator: argv[20] = "-object"
emulator: argv[21] = "iothread,id=disk-iothread"
emulator: argv[22] = "-drive"
emulator: argv[23] = "if=none,overlap-check=none,cache=unsafe,index=0,id=system,file=/Users/F1sherKK/.android/avd/Test-Emulator-API23-Nexus-5-0.avd/system.img.qcow2,read-only"
emulator: argv[24] = "-device"
emulator: argv[25] = "virtio-blk-pci,drive=system,iothread=disk-iothread,modern-pio-notify"
emulator: argv[26] = "-drive"
emulator: argv[27] = "if=none,overlap-check=none,cache=unsafe,index=1,id=cache,file=/Users/F1sherKK/.android/avd/Test-Emulator-API23-Nexus-5-0.avd/cache.img.qcow2,l2-cache-size=1048576"
emulator: argv[28] = "-device"
emulator: argv[29] = "virtio-blk-pci,drive=cache,iothread=disk-iothread,modern-pio-notify"
emulator: argv[30] = "-drive"
emulator: argv[31] = "if=none,overlap-check=none,cache=unsafe,index=2,id=userdata,file=/Users/F1sherKK/.android/avd/Test-Emulator-API23-Nexus-5-0.avd/userdata-qemu.img.qcow2,l2-cache-size=1048576"
emulator: argv[32] = "-device"
emulator: argv[33] = "virtio-blk-pci,drive=userdata,iothread=disk-iothread,modern-pio-notify"
emulator: argv[34] = "-drive"
emulator: argv[35] = "if=none,overlap-check=none,cache=unsafe,index=3,id=encrypt,file=/Users/F1sherKK/.android/avd/Test-Emulator-API23-Nexus-5-0.avd/encryptionkey.img.qcow2,l2-cache-size=1048576"
emulator: argv[36] = "-device"
emulator: argv[37] = "virtio-blk-pci,drive=encrypt,iothread=disk-iothread,modern-pio-notify"
emulator: argv[38] = "-netdev"
emulator: argv[39] = "user,id=mynet"
emulator: argv[40] = "-device"
emulator: argv[41] = "virtio-net-pci,netdev=mynet"
emulator: argv[42] = "-netdev"
emulator: argv[43] = "user,id=mynet2,net=10.0.3.0/24"
emulator: argv[44] = "-device"
emulator: argv[45] = "virtio-net-pci,netdev=mynet2"
emulator: argv[46] = "-show-cursor"
emulator: argv[47] = "-L"
emulator: argv[48] = "/Users/F1sherKK/Library/Android/sdk/emulator/lib/pc-bios"
emulator: argv[49] = "-soundhw"
emulator: argv[50] = "hda"
emulator: argv[51] = "-vga"
emulator: argv[52] = "none"
emulator: argv[53] = "-append"
emulator: argv[54] = "qemu=1 androidboot.hardware=ranchu clocksource=pit console=ttyS0,38400 android.qemud=1 android.checkjni=1 qemu.gles=1 qemu.encrypt=1 ndns=2"
emulator: argv[55] = "-android-hw"
emulator: argv[56] = "/Users/F1sherKK/.android/avd/Test-Emulator-API23-Nexus-5-0.avd/hardware-qemu.ini"
Concatenated QEMU options:
 /Users/F1sherKK/Library/Android/sdk/emulator/qemu/darwin-x86_64/qemu-system-x86_64 -dns-server 192.168.1.1,192.168.1.1 -serial stdio -android-ports 5556,5557 -cpu android64 -enable-hax -smp cores=4 -m 1536 -lcd-density 420 -kernel /Users/F1sherKK/Library/Android/sdk/system-images/android-23/google_apis/x86_64//kernel-ranchu -initrd /Users/F1sherKK/Library/Android/sdk/system-images/android-23/google_apis/x86_64//ramdisk.img -object iothread,id=disk-iothread -drive if=none,overlap-check=none,cache=unsafe,index=0,id=system,file=/Users/F1sherKK/.android/avd/Test-Emulator-API23-Nexus-5-0.avd/system.img.qcow2,read-only -device virtio-blk-pci,drive=system,iothread=disk-iothread,modern-pio-notify -drive if=none,overlap-check=none,cache=unsafe,index=1,id=cache,file=/Users/F1sherKK/.android/avd/Test-Emulator-API23-Nexus-5-0.avd/cache.img.qcow2,l2-cache-size=1048576 -device virtio-blk-pci,drive=cache,iothread=disk-iothread,modern-pio-notify -drive if=none,overlap-check=none,cache=unsafe,index=2,id=userdata,file=/Users/F1sherKK/.android/avd/Test-Emulator-API23-Nexus-5-0.avd/userdata-qemu.img.qcow2,l2-cache-size=1048576 -device virtio-blk-pci,drive=userdata,iothread=disk-iothread,modern-pio-notify -drive if=none,overlap-check=none,cache=unsafe,index=3,id=encrypt,file=/Users/F1sherKK/.android/avd/Test-Emulator-API23-Nexus-5-0.avd/encryptionkey.img.qcow2,l2-cache-size=1048576 -device virtio-blk-pci,drive=encrypt,iothread=disk-iothread,modern-pio-notify -netdev user,id=mynet -device virtio-net-pci,netdev=mynet -netdev user,id=mynet2,net=10.0.3.0/24 -device virtio-net-pci,netdev=mynet2 -show-cursor -L /Users/F1sherKK/Library/Android/sdk/emulator/lib/pc-bios -soundhw hda -vga none -append 'qemu=1 androidboot.hardware=ranchu clocksource=pit console=ttyS0,38400 android.qemud=1 android.checkjni=1 qemu.gles=1 qemu.encrypt=1 ndns=2' -android-hw /Users/F1sherKK/.android/avd/Test-Emulator-API23-Nexus-5-0.avd/hardware-qemu.ini
emulator: Starting QEMU main loop
Hax is enabled
Hax ram_size 0x60000000
emulator: registered 'boot-properties' qemud service
emulator: Adding boot property: 'qemu.sf.fake_camera' = 'both'
emulator: Initializing hardware OpenGLES emulation support
emulator: Adding boot property: 'ro.opengles.version' = '131072'
emulator: Adding boot property: 'dalvik.vm.heapsize' = '384m'
emulator: Adding boot property: 'qemu.hw.mainkeys' = '0'
emulator: Adding boot property: 'qemu.adb.secure' = '1'
emulator: Adding boot property: 'qemu.sf.lcd_density' = '420'
HAX is working and emulator runs in fast virt mode.
emulator: goldfish_events.have-dpad: false
emulator: goldfish_events.have-trackball: false
emulator: goldfish_events.have-camera: true
emulator: goldfish_events.have-keyboard: true
emulator: goldfish_events.have-lidswitch: false
emulator: goldfish_events.have-touch: false
emulator: goldfish_events.have-multitouch: true
Not using any http proxy
emulator: android_hw_fingerprint_init: fingerprint qemud listen service initialized

Your emulator is out of date, please update by launching Android Studio:
 - Start Android Studio
 - Select menu "Tools > Android > SDK Manager"
 - Click "SDK Tools" tab
 - Check "Android SDK Tools" checkbox
 - Click "OK"

[    0.000000] Initializing cgroup subsys cpu
[    0.000000] Initializing cgroup subsys cpuacct
[    0.000000] Linux version 3.10.0+ (lfy@lfy0.mtv.corp.google.com) (gcc version 4.9 20140827 (prerelease) (GCC) ) #1 SMP PREEMPT Wed Jan 4 17:19:26 PST 2017
[    0.000000] Command line: qemu=1 androidboot.hardware=ranchu clocksource=pit console=ttyS0,38400 android.qemud=1 android.checkjni=1 qemu.gles=1 qemu.encrypt=1 ndns=2 ndns=2
[    0.000000] Disabled fast string operations
[    0.000000] e820: BIOS-provided physical RAM map:
[    0.000000] BIOS-e820: [mem 0x0000000000000000-0x000000000009fbff] usable
[    0.000000] BIOS-e820: [mem 0x000000000009fc00-0x000000000009ffff] reserved
[    0.000000] BIOS-e820: [mem 0x00000000000f0000-0x00000000000fffff] reserved
[    0.000000] BIOS-e820: [mem 0x0000000000100000-0x000000005ffdffff] usable
[    0.000000] BIOS-e820: [mem 0x000000005ffe0000-0x000000005fffffff] reserved
[    0.000000] BIOS-e820: [mem 0x00000000fffc0000-0x00000000ffffffff] reserved
[    0.000000] Notice: NX (Execute Disable) protection missing in CPU!
[    0.000000] SMBIOS 2.8 present.
[    0.000000] No AGP bridge found
[    0.000000] e820: last_pfn = 0x5ffe0 max_arch_pfn = 0x400000000
[    0.000000] PAT not supported by CPU.
[    0.000000] CPU MTRRs all blank - virtualized system.
[    0.000000] found SMP MP-table at [mem 0x000f0e50-0x000f0e5f] mapped at [ffff8800000f0e50]
[    0.000000] init_memory_mapping: [mem 0x00000000-0x000fffff]
[    0.000000] init_memory_mapping: [mem 0x5fc00000-0x5fdfffff]
[    0.000000] init_memory_mapping: [mem 0x5c000000-0x5fbfffff]
[    0.000000] init_memory_mapping: [mem 0x00100000-0x5bffffff]
[    0.000000] init_memory_mapping: [mem 0x5fe00000-0x5ffdffff]
[    0.000000] cma: CMA: reserved 16 MiB at 5ec00000
[    0.000000] RAMDISK: [mem 0x5fe97000-0x5ffdffff]
[    0.000000] ACPI: RSDP 00000000000f0c50 00014 (v00 BOCHS )
[    0.000000] ACPI: RSDT 000000005ffe1d01 00030 (v01 BOCHS  BXPCRSDT 00000001 BXPC 00000001)
[    0.000000] ACPI: FACP 000000005ffe1bc5 00074 (v01 BOCHS  BXPCFACP 00000001 BXPC 00000001)
[    0.000000] ACPI: DSDT 000000005ffe0040 01B85 (v01 BOCHS  BXPCDSDT 00000001 BXPC 00000001)
[    0.000000] ACPI: FACS 000000005ffe0000 00040
[    0.000000] ACPI: APIC 000000005ffe1c39 00090 (v01 BOCHS  BXPCAPIC 00000001 BXPC 00000001)
[    0.000000] ACPI: HPET 000000005ffe1cc9 00038 (v01 BOCHS  BXPCHPET 00000001 BXPC 00000001)
[    0.000000] Zone ranges:
[    0.000000]   DMA      [mem 0x00001000-0x00ffffff]
[    0.000000]   DMA32    [mem 0x01000000-0xffffffff]
[    0.000000]   Normal   empty
[    0.000000] Movable zone start for each node
[    0.000000] Early memory node ranges
[    0.000000]   node   0: [mem 0x00001000-0x0009efff]
[    0.000000]   node   0: [mem 0x00100000-0x5ffdffff]
[    0.000000] ACPI: PM-Timer IO Port: 0x608
[    0.000000] ACPI: LAPIC (acpi_id[0x00] lapic_id[0x00] enabled)
[    0.000000] ACPI: LAPIC (acpi_id[0x01] lapic_id[0x01] enabled)
[    0.000000] ACPI: LAPIC (acpi_id[0x02] lapic_id[0x02] enabled)
[    0.000000] ACPI: LAPIC (acpi_id[0x03] lapic_id[0x03] enabled)
[    0.000000] ACPI: LAPIC_NMI (acpi_id[0xff] dfl dfl lint[0x1])
[    0.000000] ACPI: IOAPIC (id[0x00] address[0xfec00000] gsi_base[0])
[    0.000000] IOAPIC[0]: apic_id 0, version 17, address 0xfec00000, GSI 0-23
[    0.000000] ACPI: INT_SRC_OVR (bus 0 bus_irq 0 global_irq 2 dfl dfl)
[    0.000000] ACPI: INT_SRC_OVR (bus 0 bus_irq 5 global_irq 5 high level)
[    0.000000] ACPI: INT_SRC_OVR (bus 0 bus_irq 9 global_irq 9 high level)
[    0.000000] ACPI: INT_SRC_OVR (bus 0 bus_irq 10 global_irq 10 high level)
[    0.000000] ACPI: INT_SRC_OVR (bus 0 bus_irq 11 global_irq 11 high level)
[    0.000000] Using ACPI (MADT) for SMP configuration information
[    0.000000] ACPI: HPET id: 0x8086a201 base: 0xfed00000
[    0.000000] smpboot: Allowing 4 CPUs, 0 hotplug CPUs
[    0.000000] e820: [mem 0x60000000-0xfffbffff] available for PCI devices
[    0.000000] setup_percpu: NR_CPUS:8 nr_cpumask_bits:8 nr_cpu_ids:4 nr_node_ids:1
[    0.000000] PERCPU: Embedded 25 pages/cpu @ffff88005fc00000 s79488 r0 d22912 u524288
[    0.000000] Built 1 zonelists in Zone order, mobility grouping on.  Total pages: 386920
[    0.000000] Kernel command line: qemu=1 androidboot.hardware=ranchu clocksource=pit console=ttyS0,38400 android.qemud=1 android.checkjni=1 qemu.gles=1 qemu.encrypt=1 ndns=2 ndns=2
[    0.000000] PID hash table entries: 4096 (order: 3, 32768 bytes)
[    0.000000] Dentry cache hash table entries: 262144 (order: 9, 2097152 bytes)
[    0.000000] Inode-cache hash table entries: 131072 (order: 8, 1048576 bytes)
[    0.000000] Checking aperture...
[    0.000000] No AGP bridge found
[    0.000000] Memory: 1513716k/1572736k available (6013k kernel code, 392k absent, 58628k reserved, 4953k data, 924k init)
[    0.000000] SLUB: HWalign=32, Order=0-3, MinObjects=0, CPUs=4, Nodes=1
[    0.000000] Preemptible hierarchical RCU implementation.
[    0.000000] 	CONFIG_RCU_FANOUT set to non-default value of 32
[    0.000000] 	RCU restricting CPUs from NR_CPUS=8 to nr_cpu_ids=4.
[    0.000000] NR_IRQS:4352 nr_irqs:712 16
[    0.000000] Console: colour dummy device 80x25
[    0.000000] console [ttyS0] enabled
[    0.000000] tsc: Fast TSC calibration failed
[    0.000000] tsc: Unable to calibrate against PIT
[    0.000000] tsc: using HPET reference calibration
[    0.000000] tsc: Detected 2194.847 MHz processor
[    0.040003] Calibrating delay loop (skipped), value calculated using timer frequency.. 4389.69 BogoMIPS (lpj=21948470)
[    0.050881] pid_max: default: 32768 minimum: 301
[    0.052175] Security Framework initialized
[    0.053290] SELinux:  Initializing.
[    0.054253] Mount-cache hash table entries: 256
[    0.055666] Initializing cgroup subsys debug
[    0.056876] Initializing cgroup subsys freezer
[    0.058558] Disabled fast string operations
[    0.059734] CPU0: Hyper-Threading is disabled
[    0.060035] Last level iTLB entries: 4KB 32, 2MB 0, 4MB 2
[    0.060035] Last level dTLB entries: 4KB 64, 2MB 0, 4MB 8
[    0.060035] tlb_flushall_shift: 6
[    0.065135] Freeing SMP alternatives: 24k freed
[    0.066436] ACPI: Core revision 20130328
[    0.070500] ACPI: All ACPI Tables successfully acquired
[    0.077954] ..TIMER: vector=0x30 apic1=0 pin1=2 apic2=-1 pin2=-1
[    0.179808] smpboot: CPU0: Intel Virtual CPU (fam: 06, model: 1f, stepping: 01)
[    0.190000] APIC calibration not consistent with PM-Timer: 98ms instead of 100ms
[    0.190000] APIC delta adjusted to PM-Timer: 6249163 (6177062)
[    0.190000] Performance Events: generic architected perfmon v1, core PMU driver.
[    0.190000] ... version:                1
[    0.190000] ... bit width:              48
[    0.190000] ... generic registers:      4
[    0.190000] ... value mask:             0000ffffffffffff
[    0.190000] ... max period:             000000007fffffff
[    0.190000] ... fixed-purpose events:   0
[    0.190000] ... event mask:             000000000000000f
[    0.240150] smpboot: Booting Node   0, Processors  #1[    0.040000] Disabled fast string operations

[    0.270000] TSC synchronization [CPU#0 -> CPU#1]:
[    0.270000] Measured 2845145008 cycles TSC warp between CPUs, turning off TSC clock.
[    0.270000] tsc: Marking TSC unstable due to check_tsc_sync_source failed
[    0.290177]  #2[    0.040000] Disabled fast string operations
 #3 OK
[    0.040000] Disabled fast string operations
[    0.337262] Brought up 4 CPUs
[    0.338148] smpboot: Total of 4 processors activated (17558.77 BogoMIPS)
[    0.350471] NET: Registered protocol family 16
[    0.351481] ACPI: bus type PCI registered
[    0.351481] PCI: Using configuration type 1 for base access
[    0.400126] bio: create slab <bio-0> at 0
[    0.401403] ACPI: Added _OSI(Module Device)
[    0.401518] ACPI: Added _OSI(Processor Device)
[    0.402699] ACPI: Added _OSI(3.0 _SCP Extensions)
[    0.404004] ACPI: Added _OSI(Processor Aggregator Device)
[    0.412570] ACPI: Interpreter enabled
[    0.413673] ACPI Exception: AE_NOT_FOUND, While evaluating Sleep State [\_S1_] (20130328/hwxface-568)
[    0.416345] ACPI Exception: AE_NOT_FOUND, While evaluating Sleep State [\_S2_] (20130328/hwxface-568)
[    0.419392] ACPI: (supports S0 S3 S5)
[    0.420004] ACPI: Using IOAPIC for interrupt routing
[    0.422007] PCI: Using host bridge windows from ACPI; if necessary, use "pci=nocrs" and report a bug
[    0.440205] ACPI: PCI Root Bridge [PCI0] (domain 0000 [bus 00-ff])
[    0.441724] acpi PNP0A03:00: fail to add MMCONFIG information, can't access extended PCI configuration space under this bridge.
[    0.445450] PCI host bridge to bus 0000:00
[    0.445450] pci_bus 0000:00: root bus resource [bus 00-ff]
[    0.450044] pci_bus 0000:00: root bus resource [io  0x0000-0x0cf7]
[    0.451764] pci_bus 0000:00: root bus resource [io  0x0d00-0xffff]
[    0.453398] pci_bus 0000:00: root bus resource [mem 0x000a0000-0x000bffff]
[    0.455190] pci_bus 0000:00: root bus resource [mem 0x60000000-0xfebfffff]
[    0.475145] pci 0000:00:01.3: quirk: [io  0x0600-0x063f] claimed by PIIX4 ACPI
[    0.475145] pci 0000:00:01.3: quirk: [io  0x0700-0x070f] claimed by PIIX4 SMB
[    0.753002] acpi PNP0A03:00: Unable to request _OSC control (_OSC support mask: 0x08)
[    0.755603] ACPI: PCI Interrupt Link [LNKA] (IRQs 5 *10 11)
[    0.760585] ACPI: PCI Interrupt Link [LNKB] (IRQs 5 *10 11)
[    0.762481] ACPI: PCI Interrupt Link [LNKC] (IRQs 5 10 *11)
[    0.764306] ACPI: PCI Interrupt Link [LNKD] (IRQs 5 10 *11)
[    0.766049] ACPI: PCI Interrupt Link [LNKS] (IRQs *9)
[    0.770265] ACPI: Enabled 3 GPEs in block 00 to 0F
[    0.771606] vgaarb: loaded
[    0.771606] SCSI subsystem initialized
[    0.771606] ACPI: bus type ATA registered
[    0.772381] ACPI: bus type USB registered
[    0.780080] usbcore: registered new interface driver usbfs
[    0.781540] usbcore: registered new interface driver hub
[    0.781540] usbcore: registered new device driver usb
[    0.781540] pps_core: LinuxPPS API ver. 1 registered
[    0.781540] pps_core: Software ver. 5.3.6 - Copyright 2005-2007 Rodolfo Giometti <giometti@linux.it>
[    0.790008] PTP clock support registered
[    0.791139] Advanced Linux Sound Architecture Driver Initialized.
[    0.791754] PCI: Using ACPI for IRQ routing
[    0.793372] cfg80211: Calling CRDA to update world regulatory domain
[    0.800154] NetLabel: Initializing
[    0.801078] NetLabel:  domain hash size = 128
[    0.802263] NetLabel:  protocols = UNLABELED CIPSOv4
[    0.803562] NetLabel:  unlabeled traffic allowed by default
[    0.805153] Switching to clocksource hpet
[    0.809030] pnp: PnP ACPI init
[    0.809030] ACPI: bus type PNP registered
[    0.812349] pnp: PnP ACPI: found 10 devices
[    0.813474] ACPI: bus type PNP unregistered
[    0.857418] NET: Registered protocol family 2
[    0.858678] TCP established hash table entries: 16384 (order: 6, 262144 bytes)
[    0.860672] TCP bind hash table entries: 16384 (order: 6, 262144 bytes)
[    0.862862] TCP: Hash tables configured (established 16384 bind 16384)
[    0.864603] TCP: reno registered
[    0.865473] UDP hash table entries: 1024 (order: 3, 32768 bytes)
[    0.867055] UDP-Lite hash table entries: 1024 (order: 3, 32768 bytes)
[    0.868799] NET: Registered protocol family 1
[    0.869992] pci 0000:00:00.0: Limiting direct PCI/PCI transfers
[    0.871909] pci 0000:00:01.0: PIIX3: Enabling Passive Release
[    0.873538] pci 0000:00:01.0: Activating ISA DMA hang workarounds
[    0.875412] Trying to unpack rootfs image as initramfs...
[    0.894355] Freeing initrd memory: 1316k freed
[    0.905070] audit: initializing netlink socket (disabled)
[    0.906546] type=2000 audit(1489954135.900:1): initialized
[    0.911391] HugeTLB registered 2 MB page size, pre-allocated 0 pages
[    0.945060] VFS: Disk quotas dquot_6.5.2
[    0.946653] Dquot-cache hash table entries: 512 (order 0, 4096 bytes)
[    0.956094] fuse init (API version 7.22)
[    0.958591] msgmni has been set to 2991
[    0.966636] Block layer SCSI generic (bsg) driver version 0.4 loaded (major 251)
[    0.968591] io scheduler noop registered
[    0.969641] io scheduler deadline registered
[    0.971757] io scheduler cfq registered (default)
[    0.974071] pci_hotplug: PCI Hot Plug PCI Core version: 0.5
[    1.012087] input: Power Button as /devices/LNXSYSTM:00/LNXPWRBN:00/input/input0
[    1.014068] ACPI: Power Button [PWRF]
[    1.045076] ACPI: PCI Interrupt Link [LNKC] enabled at IRQ 11
[    1.072133] ACPI: PCI Interrupt Link [LNKD] enabled at IRQ 10
[    1.098826] ACPI: PCI Interrupt Link [LNKA] enabled at IRQ 10
[    1.125168] ACPI: PCI Interrupt Link [LNKB] enabled at IRQ 11
[    1.179795] Serial: 8250/16550 driver, 4 ports, IRQ sharing disabled
[    1.207363] 00:05: ttyS0 at I/O 0x3f8 (irq = 4) is a 16550A
[    1.216870] Non-volatile memory driver v1.3
[    1.218012] Linux agpgart interface v0.103
[    1.221847] [drm] Initialized drm 1.1.0 20060810
[    1.240867] brd: module loaded
[    1.250328] loop: module loaded
[    1.254895]  vda: unknown partition table
[    1.258130]  vdb: unknown partition table
[    1.261558]  vdc: unknown partition table
[    1.265028]  vdd: unknown partition table
[    1.268456] Loading iSCSI transport class v2.0-870.
[    1.285013] scsi0 : ata_piix
[    1.287213] scsi1 : ata_piix
[    1.289241] ata1: PATA max MWDMA2 cmd 0x1f0 ctl 0x3f6 bmdma 0xc140 irq 14
[    1.291522] ata2: PATA max MWDMA2 cmd 0x170 ctl 0x376 bmdma 0xc148 irq 15
[    1.297395] tun: Universal TUN/TAP device driver, 1.6
[    1.298740] tun: (C) 1999-2004 Max Krasnyansky <maxk@qualcomm.com>
[    1.307616] e100: Intel(R) PRO/100 Network Driver, 3.5.24-k2-NAPI
[    1.309227] e100: Copyright(c) 1999-2006 Intel Corporation
[    1.311594] e1000: Intel(R) PRO/1000 Network Driver - version 7.3.21-k8-NAPI
[    1.313584] e1000: Copyright (c) 1999-2006 Intel Corporation.
[    1.315799] e1000e: Intel(R) PRO/1000 Network Driver - 2.3.2-k
[    1.317485] e1000e: Copyright(c) 1999 - 2013 Intel Corporation.
[    1.319637] sky2: driver version 1.30
[    1.323162] PPP generic driver version 2.4.2
[    1.325534] PPP BSD Compression module registered
[    1.326801] PPP Deflate Compression module registered
[    1.328139] PPP MPPE Compression module registered
[    1.329434] NET: Registered protocol family 24
[    1.332842] ehci_hcd: USB 2.0 'Enhanced' Host Controller (EHCI) Driver
[    1.334565] ehci-pci: EHCI PCI platform driver
[    1.336408] ohci_hcd: USB 1.1 'Open' Host Controller (OHCI) Driver
[    1.338746] uhci_hcd: USB Universal Host Controller Interface driver
[    1.342092] usbcore: registered new interface driver usblp
[    1.344244] usbcore: registered new interface driver usb-storage
[    1.347014] mousedev: PS/2 mouse device common for all mice
[    1.351855] input: qwerty2 as /devices/platform/GFSH0002:00/input/input1
[    1.354932] rtc_cmos 00:00: RTC can wake from S4
[    1.357418] rtc_cmos 00:00: rtc core: registered rtc_cmos as rtc0
[    1.359433] rtc_cmos 00:00: alarms up to one day, y3k, 114 bytes nvram, hpet irqs
[    1.362927] goldfish_rtc GFSH0007:00: rtc core: registered GFSH0007:00 as rtc1
[    1.369830] device-mapper: uevent: version 1.0.3
[    1.372583] device-mapper: ioctl: 4.24.0-ioctl (2013-01-15) initialised: dm-devel@redhat.com
[    1.375755] cpuidle: using governor ladder
[    1.376972] cpuidle: using governor menu
[    1.379898] hidraw: raw HID events driver (C) Jiri Kosina
[    1.392211] usbcore: registered new interface driver usbhid
[    1.393711] usbhid: USB HID core driver
[    1.395247] ashmem: initialized
[    1.399104] goldfish_sync: Initialized goldfish sync device
[    1.454793] ata2.00: ATAPI: QEMU DVD-ROM, 2.5+, max UDMA/100
[    1.456798] u32 classifier
[    1.456799]     Actions configured
[    1.456800] Netfilter messages via NETLINK v0.30.
[    1.456813] nf_conntrack version 0.5.0 (16384 buckets, 65536 max)
[    1.457980] ctnetlink v0.93: registering with nfnetlink.
[    1.457986] NF_TPROXY: Transparent proxy support initialized, version 4.1.0
[    1.457986] NF_TPROXY: Copyright (c) 2006-2007 BalaBit IT Ltd.
[    1.459624] xt_time: kernel timezone is -0000
[    1.459696] ip_tables: (C) 2000-2006 Netfilter Core Team
[    1.459717] arp_tables: (C) 2002 David S. Miller
[    1.459723] TCP: cubic registered
[    1.459723] Initializing XFRM netlink socket
[    1.462655] NET: Registered protocol family 10
[    1.462809] mip6: Mobile IPv6
[    1.462812] ip6_tables: (C) 2000-2006 Netfilter Core Team
[    1.462835] sit: IPv6 over IPv4 tunneling driver
[    1.464934] NET: Registered protocol family 17
[    1.464937] NET: Registered protocol family 15
[    1.466797] registered taskstats version 1
[    1.484206] console [netcon0] enabled
[    1.485371] netconsole: network logging started
[    1.485373] ata2.00: configured for MWDMA2
[    1.489070] scsi 1:0:0:0: CD-ROM            QEMU     QEMU DVD-ROM     2.5+ PQ: 0 ANSI: 5
[    1.492355] init: failed to probe driver -19[    1.495702] sr0: scsi3-mmc drive: 4x/4x cd/rw xa/form2 tray
[    1.497366] cdrom: Uniform CD-ROM driver Revision: 3.20

[    1.498998] ALSA device list:
[    1.500247]   #0: HDA Intel at 0xfebc0000 irq 11
[    1.504845] sr 1:0:0:0: Attached scsi generic sg0 type 5
[    1.507058] Freeing unused kernel memory: 924k freed
[    1.508615] Write protecting the kernel read-only data: 10240k
[    1.511359] Freeing unused kernel memory: 120k freed
[    1.514991] Freeing unused kernel memory: 1792k freed
[    1.517214] init: init started!
[    1.582946] type=1403 audit(1489954136.580:2): policy loaded auid=4294967295 ses=4294967295
[    1.585304] type=1404 audit(1489954136.580:3): enforcing=1 old_enforcing=0 auid=4294967295 ses=4294967295
[    1.642092] init: (Initializing SELinux enforcing took 0.12s.)
[    1.645305] init: init second stage started!
[    1.646549] init: property_set("ro.kernel.ndns", "2") failed
[    1.651831] init: waitpid failed: No child processes
[    1.653467] init: (Loading properties from /default.prop took 0.00s.)
[    1.655672] init: (Parsing /init.environ.rc took 0.00s.)
[    1.657206] init: (Parsing /init.usb.rc took 0.00s.)
[    1.658642] init: (Parsing /init.ranchu-common.rc took 0.00s.)
[    1.660259] init: (Parsing /init.ranchu-encrypt.rc took 0.00s.)
[    1.662325] init: (Parsing /init.zygote64_32.rc took 0.00s.)
[    1.663976] init: (Parsing /init.trace.rc took 0.00s.)
[    1.665390] init: (Parsing /init.rc took 0.01s.)
[    1.666700] init: SELinux: Could not get canonical path /adb_keys restorecon: No such file or directory.
[    1.669319] init: Starting service 'ueventd'...
[    1.670810] init: Waiting for /dev/.coldboot_done...
[    1.671922] ueventd: ueventd started!
[    1.786508] ueventd: Coldboot took 0.11s.
[    1.797570] init: Waiting for /dev/.coldboot_done took 0.13s.
[    1.799263] init: /dev/hw_random not found
[    1.803754] init: could not open /dev/keychord: No such file or directory
[    1.808040] init: write_file: Unable to open '/proc/sys/kernel/hung_task_timeout_secs': No such file or directory
[    1.810769] init: write_file: Unable to open '/proc/cpu/alignment': No such file or directory
[    1.813640] init: write_file: Unable to open '/proc/sys/kernel/sched_compat_yield': No such file or directory
[    1.817187] init: write_file: Unable to write to '/dev/cpuctl/cpu.shares': Invalid argument
[    1.820205] init: write_file: Unable to open '/proc/sys/abi/swp': No such file or directory
[    1.824276] init: /dev/hw_random not found
[    1.830828] EXT4-fs (vda): mounted filesystem with ordered data mode. Opts: (null)
[    1.832943] fs_mgr: __mount(source=/dev/block/vda,target=/system,type=ext4)=0
[    1.835168] EXT4-fs (vdb): Ignoring removed nomblk_io_submit option
[    1.841038] EXT4-fs (vdb): mounted filesystem with ordered data mode. Opts: nomblk_io_submit,errors=panic
[    1.843596] fs_mgr: __mount(source=/dev/block/vdb,target=/cache,type=ext4)=0
[    1.846187] EXT4-fs (vdc): Ignoring removed nomblk_io_submit option
[    1.851190] EXT4-fs (vdc): mounted filesystem with ordered data mode. Opts: nomblk_io_submit,errors=remount-ro
[    1.853861] fs_mgr: check_fs(): mount(/dev/block/vdc,/data,ext4)=0: Success
[    1.856770] fs_mgr: check_fs(): unmount(/data) succeeded
[    1.859306] fs_mgr: Running /system/bin/e2fsck on /dev/block/vdc
[    1.891227] e2fsck: e2fsck 1.42.9 (28-Dec-2013)
[    1.891227] 
[    1.893016] e2fsck: /dev/block/vdc: clean, 42/131072 files, 18824/524288 blocks
[    1.893016] 
[    1.895858] EXT4-fs (vdc): Ignoring removed nomblk_io_submit option
[    1.900532] EXT4-fs (vdc): mounted filesystem with ordered data mode. Opts: nomblk_io_submit,errors=panic
[    1.903170] fs_mgr: __mount(source=/dev/block/vdc,target=/data,type=ext4)=0
[    1.906951] init: Starting service 'logd'...
[    1.911181] init: SELinux: Could not set context for /data:  Read-only file system
[    1.913936] init: Starting service 'vold'...
[    1.915590] init: Not bootcharting.
[    1.919850] init: SELinux: Could not set context for /data:  Read-only file system
[    1.922956] init: Starting service 'exec 0 (/system/bin/tzdatacheck)'...
[    1.931406] init: Service 'exec 0 (/system/bin/tzdatacheck)' (pid 1274) exited with status 0
[    1.940145] logd.auditd: start
[    1.942229] logd.klogd: 1942220000
[    1.971799] init: (Loading properties from /system/build.prop took 0.04s.)
[    1.973978] init: (Loading properties from /vendor/build.prop took 0.00s.)
[    1.976198] init: (Loading properties from /factory/factory.prop took 0.00s.)
[    1.978255] init: (Loading properties from /data/local.prop took 0.00s.)
[    1.980078] init: Unable to open persistent property directory "/data/property": No such file or directory
[    1.983335] init: /recovery not specified in fstab
[    1.985343] init: Starting service 'logd-reinit'...
[    1.990875] logd.daemon: reinit
[    1.991912] init: Starting service 'healthd'...
[    1.992135] init: Starting service 'lmkd'...
[    1.992361] init: Starting service 'servicemanager'...
[    1.992502] emulator: onGuestSendCommand: [0x7ffa9a0bb390] Adb connected, start proxing data
init: Starting service 'surfaceflinger'...
[    1.992677] init: Starting service 'qemu-props'...
[    1.992861] init: Service 'logd-reinit' (pid 1285) exited with status 0
[    1.993580] binder: 1293:1293 transaction failed 29189, size 0-0
[    1.993878] init: Unable to write persistent property to temp file /data/property/.temp.49sjfO: No such file or directory
[    1.993908] init: Unable to write persistent property to temp file /data/property/.temp.L5jUeB: No such file or directory
[    1.993993] init: property_set("ro.build.product", "generic") failed
[    1.994010] init: property_set("ro.product.device", "generic") failed
[    1.994445] init: Starting service 'goldfish-logcat'...
[    1.994870] init: Starting service 'goldfish-setup'...
[    1.995672] init: Starting service 'console'...
[    1.995909] init: Starting service 'adbd'...
[    1.996151] init: Starting service 'encrypt'...
[    1.996272] init: write_file: Unable to open '/sys/class/android_usb/android0/enable': No such file or directory
[    1.996292] init: write_file: Unable to open '/sys/class/android_usb/android0/idVendor': No such file or directory
[    1.996335] init: write_file: Unable to open '/sys/class/android_usb/android0/idProduct': No such file or directory
[    1.996380] init: write_file: Unable to open '/sys/class/android_usb/android0/functions': No such file or directory
[    1.996407] init: write_file: Unable to open '/sys/class/android_usb/android0/enable': No such file or directory
[    2.009640] init: Service 'goldfish-logcat' (pid 1298) exited with status 0
[    2.011667] init: Service 'qemu-props' (pid 1297) exited with status 0
[    2.070242] type=1400 audit(1489954137.060:4): avc: granted { read write } for pid=1332 comm="vold" name="vdd" dev="tmpfs" ino=3050 scontext=u:r:vold:s0 tcontext=u:object_r:block_device:s0 tclass=blk_file
[    2.078776] init: Not bootcharting.
[    2.081829] type=1400 audit(1489954137.060:5): avc: granted { read write open } for pid=1332 comm="vold" path="/dev/block/vdd" dev="tmpfs" ino=3050 scontext=u:r:vold:s0 tcontext=u:object_r:block_device:s0 tclass=blk_file
[    2.086393] init: Starting service 'exec 1 (/system/bin/tzdatacheck)'...
shell@generic_x86_64:/ $ [    2.095652] type=1400 audit(1489954137.060:6): avc: granted { getattr } for pid=1332 comm="vold" path="/dev/block/vdd" dev="tmpfs" ino=3050 scontext=u:r:vold:s0 tcontext=u:object_r:block_device:s0 tclass=blk_file
[    2.103653] init: Service 'exec 1 (/system/bin/tzdatacheck)' (pid 1336) exited with status 0
[    2.118108] init: Service 'goldfish-setup' (pid 1299) exited with status 0
[    2.122361] init: Starting service 'bootanim'...
[    2.384839] type=1400 audit(1489954137.380:7): avc: denied { write } for pid=1351 comm="BootAnimation" name="property_service" dev="tmpfs" ino=4108 scontext=u:r:bootanim:s0 tcontext=u:object_r:property_socket:s0 tclass=sock_file permissive=0
[    2.995935] healthd: BatteryVoltagePath not found
[    2.997337] healthd: BatteryTemperaturePath not found
[    4.421368] type=1400 audit(1489954139.420:8): avc: granted { read write } for pid=1332 comm="vold" name="vdd" dev="tmpfs" ino=3050 scontext=u:r:vold:s0 tcontext=u:object_r:block_device:s0 tclass=blk_file
[    4.427508] type=1400 audit(1489954139.420:9): avc: granted { read write open } for pid=1332 comm="vold" path="/dev/block/vdd" dev="tmpfs" ino=3050 scontext=u:r:vold:s0 tcontext=u:object_r:block_device:s0 tclass=blk_file
[    4.431686] init: Starting service 'netd'...
[    4.431896] init: Starting service 'debuggerd'...
[    4.432068] init: Starting service 'debuggerd64'...
[    4.432204] init: Starting service 'ril-daemon'...
[    4.432384] init: Starting service 'drm'...
[    4.432581] init: Starting service 'media'...
[    4.432773] init: Starting service 'installd'...
[    4.432867] init: cannot find '/system/bin/install-recovery.sh', disabling 'flash_recovery'
[    4.432917] init: Starting service 'keystore'...
[    4.433072] init: Starting service 'zygote'...
[    4.433323] init: Starting service 'zygote_secondary'...
[    4.458058] type=1400 audit(1489954139.420:10): avc: granted { getattr } for pid=1332 comm="vold" path="/dev/block/vdd" dev="tmpfs" ino=3050 scontext=u:r:vold:s0 tcontext=u:object_r:block_device:s0 tclass=blk_file
[    4.465893] type=1400 audit(1489954139.420:11): avc: granted { read write } for pid=1332 comm="vold" name="vdd" dev="tmpfs" ino=3050 scontext=u:r:vold:s0 tcontext=u:object_r:block_device:s0 tclass=blk_file
[    4.473472] type=1400 audit(1489954139.420:12): avc: granted { read write open } for pid=1332 comm="vold" path="/dev/block/vdd" dev="tmpfs" ino=3050 scontext=u:r:vold:s0 tcontext=u:object_r:block_device:s0 tclass=blk_file
[    4.482772] type=1400 audit(1489954139.420:13): avc: granted { getattr } for pid=1332 comm="vold" path="/dev/block/vdd" dev="tmpfs" ino=3050 scontext=u:r:vold:s0 tcontext=u:object_r:block_device:s0 tclass=blk_file
[    4.490044] type=1400 audit(1489954139.420:14): avc: granted { read write } for pid=1332 comm="vold" name="vdd" dev="tmpfs" ino=3050 scontext=u:r:vold:s0 tcontext=u:object_r:block_device:s0 tclass=blk_file
[    4.498152] type=1400 audit(1489954139.420:15): avc: granted { read write open } for pid=1332 comm="vold" path="/dev/block/vdd" dev="tmpfs" ino=3050 scontext=u:r:vold:s0 tcontext=u:object_r:block_device:s0 tclass=blk_file
[    4.608431] bio: create slab <bio-1> at 1
[    5.701445] type=1400 audit(1489954140.700:16): avc: denied { sys_module } for pid=1353 comm="netd" capability=16 scontext=u:r:netd:s0 tcontext=u:r:netd:s0 tclass=capability permissive=0
[    5.859653] warning: `main' uses 32-bit capabilities (legacy support in use)
[    6.312434] type=1400 audit(1489954141.310:17): avc: denied { write } for pid=1361 comm="main" name="property_service" dev="tmpfs" ino=4108 scontext=u:r:zygote:s0 tcontext=u:object_r:property_socket:s0 tclass=sock_file permissive=0
[    6.350140] type=1400 audit(1489954141.340:18): avc: denied { write } for pid=1362 comm="main" name="property_service" dev="tmpfs" ino=4108 scontext=u:r:zygote:s0 tcontext=u:object_r:property_socket:s0 tclass=sock_file permissive=0
[    8.263247] healthd: battery l=100 v=0 t=0.0 h=2 st=2 chg=a
[    8.443208] lowmemorykiller: lowmem_shrink: convert oom_adj to oom_score_adj:
[    8.446566] lowmemorykiller: oom_adj 0 => oom_score_adj 0
[    8.448159] lowmemorykiller: oom_adj 1 => oom_score_adj 58
[    8.449841] lowmemorykiller: oom_adj 2 => oom_score_adj 117
[    8.451927] lowmemorykiller: oom_adj 3 => oom_score_adj 176
[    8.454231] lowmemorykiller: oom_adj 9 => oom_score_adj 529
[    8.456982] lowmemorykiller: oom_adj 15 => oom_score_adj 1000
[   16.051120] type=1400 audit(1489954152.173:19): avc: granted { read write } for pid=1332 comm="vold" name="vdd" dev="tmpfs" ino=3050 scontext=u:r:vold:s0 tcontext=u:object_r:block_device:s0 tclass=blk_file
[   16.058504] type=1400 audit(1489954152.173:20): avc: granted { read write open } for pid=1332 comm="vold" path="/dev/block/vdd" dev="tmpfs" ino=3050 scontext=u:r:vold:s0 tcontext=u:object_r:block_device:s0 tclass=blk_file
[   16.067720] type=1400 audit(1489954152.193:21): avc: granted { getattr } for pid=1332 comm="vold" path="/dev/block/vdd" dev="tmpfs" ino=3050 scontext=u:r:vold:s0 tcontext=u:object_r:block_device:s0 tclass=blk_file
[   16.074533] type=1400 audit(1489954152.193:22): avc: granted { read write } for pid=1332 comm="vold" name="vdd" dev="tmpfs" ino=3050 scontext=u:r:vold:s0 tcontext=u:object_r:block_device:s0 tclass=blk_file
[   16.084048] type=1400 audit(1489954152.193:23): avc: granted { read write open } for pid=1332 comm="vold" path="/dev/block/vdd" dev="tmpfs" ino=3050 scontext=u:r:vold:s0 tcontext=u:object_r:block_device:s0 tclass=blk_file
[   16.091945] type=1400 audit(1489954152.193:24): avc: granted { getattr } for pid=1332 comm="vold" path="/dev/block/vdd" dev="tmpfs" ino=3050 scontext=u:r:vold:s0 tcontext=u:object_r:block_device:s0 tclass=blk_file
[   16.247030] bio: create slab <bio-1> at 1
[   16.410207] init: Service 'netd' is being killed...
[   16.412546] init: Service 'debuggerd' is being killed...
[   16.415460] init: Service 'debuggerd64' is being killed...
[   16.417127] init: Service 'ril-daemon' is being killed...
[   16.419482] init: Service 'drm' is being killed...
[   16.422767] init: Service 'media' is being killed...
[   16.426115] init: Service 'installd' is being killed...
[   16.428487] init: Service 'keystore' is being killed...
[   16.431930] init: Service 'zygote' is being killed...
[   16.439456] init: Service 'zygote_secondary' is being killed...
[   16.442745] init: Service 'netd' (pid 1353) killed by signal 9
[   16.445594] init: Service 'netd' (pid 1353) killing any children in process group
[   16.450011] init: Service 'debuggerd' (pid 1354) killed by signal 9
[   16.453528] binder: 1971: binder_alloc_buf, no vma
[   16.453998] init: Service 'debuggerd' (pid 1354) killing any children in process group
[   16.454036] init: Service 'debuggerd64' (pid 1355) killed by signal 9
[   16.454040] init: Service 'debuggerd64' (pid 1355) killing any children in process group
[   16.454081] init: Service 'ril-daemon' (pid 1356) killed by signal 9
[   16.454084] init: Service 'ril-daemon' (pid 1356) killing any children in process group
[   16.454143] init: Service 'drm' (pid 1357) killed by signal 9
[   16.454147] init: Service 'drm' (pid 1357) killing any children in process group
[   16.454180] init: Service 'media' (pid 1358) killed by signal 9
[   16.454184] init: Service 'media' (pid 1358) killing any children in process group
[   16.454214] init: Service 'installd' (pid 1359) killed by signal 9
[   16.454218] init: Service 'installd' (pid 1359) killing any children in process group
[   16.454261] init: Service 'keystore' (pid 1360) killed by signal 9
[   16.454265] init: Service 'keystore' (pid 1360) killing any children in process group
[   16.484640] binder: 1296:1296 transaction failed 29201, size 68-0
[   16.486838] binder: 1641: binder_alloc_buf, no vma
[   16.488575] binder: 1296:1343 transaction failed 29201, size 68-0
[   16.490594] binder: 1641: binder_alloc_buf, no vma
[   16.491859] init: Service 'zygote_secondary' (pid 1362) killed by signal 9
[   16.491862] init: Service 'zygote_secondary' (pid 1362) killing any children in process group
[   16.497816] binder: 1296:1345 transaction failed 29201, size 68-0
[   16.497879] init: Service 'zygote' (pid 1361) killed by signal 9
[   16.497884] init: Service 'zygote' (pid 1361) killing any children in process group
[   16.497942] init: Untracked pid 1934 killed by signal 9
[   16.497965] init: Untracked pid 1958 killed by signal 9
[   16.497990] init: Untracked pid 1971 killed by signal 9
[   16.498013] init: Untracked pid 2075 killed by signal 9
[   16.501904] init: Untracked pid 1751 killed by signal 9
[   16.502316] init: Untracked pid 1641 killed by signal 9
[   16.514842] binder: undelivered transaction 10674
[   16.516976] binder: 1641: binder_alloc_buf, no vma
[   16.518565] binder: 1296:1346 transaction failed 29201, size 68-0
[   16.590836] binder: 1641: binder_alloc_buf, no vma
[   16.592428] binder: 1296:1345 transaction failed 29201, size 68-0
[   16.633465] binder: 1641: binder_alloc_buf, no vma
[   16.634982] binder: 1296:1346 transaction failed 29201, size 68-0
[   16.677237] binder: 1641: binder_alloc_buf, no vma
[   16.678575] binder: 1296:1345 transaction failed 29201, size 68-0
[   16.717890] binder: 1641: binder_alloc_buf, no vma
[   16.719351] binder: 1296:1346 transaction failed 29201, size 68-0
[   16.762562] binder: 1641: binder_alloc_buf, no vma
[   16.764424] binder: 1296:1345 transaction failed 29201, size 68-0
[   16.802860] binder: 1641: binder_alloc_buf, no vma
[   16.804252] binder: 1296:1346 transaction failed 29201, size 68-0
[   16.847099] binder: 1641: binder_alloc_buf, no vma
[   16.848561] binder: 1296:1345 transaction failed 29201, size 68-0
[   16.887822] binder: 1641: binder_alloc_buf, no vma
[   16.889302] binder: 1296:1346 transaction failed 29201, size 68-0
[   16.932521] binder: 1641: binder_alloc_buf, no vma
[   16.933878] binder: 1296:1345 transaction failed 29201, size 68-0
[   16.971506] binder: 1641: binder_alloc_buf, no vma
[   16.972934] binder: 1296:1346 transaction failed 29201, size 68-0
[   17.015396] binder: 1641: binder_alloc_buf, no vma
[   17.016802] binder: 1296:1345 transaction failed 29201, size 68-0
[   17.055365] binder: 1641: binder_alloc_buf, no vma
[   17.056745] binder: 1296:1346 transaction failed 29201, size 68-0
[   17.100194] binder: 1641: binder_alloc_buf, no vma
[   17.101969] binder: 1296:1345 transaction failed 29201, size 68-0
[   17.141354] binder: 1641: binder_alloc_buf, no vma
[   17.142835] binder: 1296:1346 transaction failed 29201, size 68-0
[   17.185747] binder: 1641: binder_alloc_buf, no vma
[   17.187220] binder: 1296:1345 transaction failed 29201, size 68-0
[   17.225534] binder: 1641: binder_alloc_buf, no vma
[   17.226894] binder: 1296:1346 transaction failed 29201, size 68-0
[   17.269214] binder: 1641: binder_alloc_buf, no vma
[   17.270850] binder: 1296:1345 transaction failed 29201, size 68-0
[   17.308753] binder: 1641: binder_alloc_buf, no vma
[   17.310169] binder: 1296:1346 transaction failed 29201, size 68-0
[   17.353693] binder: 1641: binder_alloc_buf, no vma
[   17.355261] binder: 1296:1345 transaction failed 29201, size 68-0
[   17.396270] binder: 1641: binder_alloc_buf, no vma
[   17.397733] binder: 1296:1346 transaction failed 29201, size 68-0
[   17.441935] binder: 1641: binder_alloc_buf, no vma
[   17.443374] binder: 1296:1345 transaction failed 29201, size 68-0
[   17.479684] binder: 1641: binder_alloc_buf, no vma
[   17.481588] binder: 1296:1346 transaction failed 29201, size 68-0
[   17.524480] binder: 1641: binder_alloc_buf, no vma
[   17.525825] binder: 1296:1345 transaction failed 29201, size 68-0
[   17.563794] binder: 1641: binder_alloc_buf, no vma
[   17.565220] binder: 1296:1346 transaction failed 29201, size 68-0
[   17.591541] binder: undelivered death notification, 00007fe9c26a1780
[   17.593566] binder: undelivered death notification, 00007fe9bebd0e20
[   17.595642] binder: undelivered death notification, 00007fe9be362fe0
[   17.598890] binder: undelivered death notification, 00007fe9b52476e0
[   17.600998] binder: undelivered death notification, 00007fe9b5247140
[   17.602788] binder: undelivered death notification, 00007fe9b524a8e0
[   17.604543] binder: undelivered death notification, 00007fe9b52470a0
[   17.606241] binder: undelivered death notification, 00007fe9af5224e0
[   17.608529] binder: 1296:1345 transaction failed 29189, size 68-0
[   18.414867] EXT4-fs (dm-0): Ignoring removed nomblk_io_submit option
[   18.421851] EXT4-fs (dm-0): mounted filesystem with ordered data mode. Opts: nomblk_io_submit,errors=remount-ro
[   18.426566] fs_mgr: check_fs(): mount(/dev/block/dm-0,/data,ext4)=0: Success
[   18.432574] fs_mgr: check_fs(): unmount(/data) succeeded
[   18.434395] fs_mgr: Running /system/bin/e2fsck on /dev/block/dm-0
[   18.452745] e2fsck: e2fsck 1.42.9 (28-Dec-2013)
[   18.452745] 
[   18.454430] e2fsck: /dev/block/dm-0: clean, 42/131072 files, 18824/524288 blocks
[   18.454430] 
[   18.457270] EXT4-fs (dm-0): Ignoring removed nomblk_io_submit option
[   18.463112] EXT4-fs (dm-0): mounted filesystem with ordered data mode. Opts: nomblk_io_submit,errors=panic
[   18.465758] fs_mgr: __mount(source=/dev/block/dm-0,target=/data,type=ext4)=0
[   18.468533] init: (Loading properties from /data/local.prop took 0.00s.)
[   18.470341] init: Unable to open persistent property directory "/data/property": No such file or directory
[   18.474550] init: Starting service 'logd-reinit'...
[   18.479673] logd.daemon: reinit
[   18.480223] init: Service 'logd-reinit' (pid 2125) exited with status 0
[   18.480283] init: Not bootcharting.
[   18.581715] init: Starting service 'exec 2 (/system/bin/tzdatacheck)'...
[   18.586319] init: Service 'exec 2 (/system/bin/tzdatacheck)' (pid 2126) exited with status 0
[   18.631253] init: Starting service 'netd'...
[   18.632692] init: Starting service 'debuggerd'...
[   18.634397] init: Starting service 'debuggerd64'...
[   18.636152] init: Starting service 'ril-daemon'...
[   18.637927] init: Starting service 'drm'...
[   18.639922] init: Starting service 'media'...
[   18.640601] init: Starting service 'installd'...
[   18.644236] init: Starting service 'keystore'...
[   18.646294] init: Starting service 'zygote'...
[   18.648158] init: Starting service 'zygote_secondary'...
[   18.650397] init: Starting service 'gatekeeperd'...
[   18.675437] init: Starting service 'perfprofd'...
[   18.677458] init: Starting service 'fingerprintd'...
[   19.379043] type=1400 audit(1489954155.503:25): avc: denied { sys_module } for pid=2127 comm="netd" capability=16 scontext=u:r:netd:s0 tcontext=u:r:netd:s0 tclass=capability permissive=0
[   19.632075] init: Service 'encrypt' (pid 1302) exited with status 0
[   20.666592] type=1400 audit(1489954156.793:26): avc: denied { write } for pid=2138 comm="main" name="property_service" dev="tmpfs" ino=4108 scontext=u:r:zygote:s0 tcontext=u:object_r:property_socket:s0 tclass=sock_file permissive=0
[   20.968407] type=1400 audit(1489954157.093:27): avc: denied { write } for pid=2140 comm="main" name="property_service" dev="tmpfs" ino=4108 scontext=u:r:zygote:s0 tcontext=u:object_r:property_socket:s0 tclass=sock_file permissive=0
[   30.317940] healthd: battery l=100 v=0 t=0.0 h=2 st=2 chg=a
[   30.568570] lowmemorykiller: lowmem_shrink: convert oom_adj to oom_score_adj:
[   30.571122] lowmemorykiller: oom_adj 0 => oom_score_adj 0
[   30.573714] lowmemorykiller: oom_adj 1 => oom_score_adj 58
[   30.576766] lowmemorykiller: oom_adj 2 => oom_score_adj 117
[   30.580016] lowmemorykiller: oom_adj 3 => oom_score_adj 176
[   30.582747] lowmemorykiller: oom_adj 9 => oom_score_adj 529
[   30.585304] lowmemorykiller: oom_adj 15 => oom_score_adj 1000
emulator: _hwFingerprint_connect: connect finger print listen is called

emulator: got message from guest system fingerprint HAL

[   46.546325] init: Service 'bootanim' (pid 1348) exited with status 0
[   46.550864] binder: release 3472:3472 transaction 32818 out, still active
[   46.646106] binder: 2411:2422 transaction failed 29189, size 8-0
[   46.649479] binder: send failed reply for transaction 32818, target dead
[   54.030234] binder: 3784:3791 refcount change on invalid ref 15
[   54.116272] binder: 3784:3804 refcount change on invalid ref 15
[   54.118596] binder: 3784:3804 refcount change on invalid ref 15
[   54.121326] binder: transaction release 42191 bad handle 15
[   62.996689] healthd: battery l=100 v=0 t=0.0 h=2 st=2 chg=a
[   71.574580] type=1400 audit(1489954207.615:28): avc: denied { read } for pid=4132 comm="Binder_2" name="/" dev="tmpfs" ino=3073 scontext=u:r:untrusted_app:s0:c512,c768 tcontext=u:object_r:device:s0 tclass=dir permissive=0
[   72.206514] type=1400 audit(1489954208.245:29): avc: denied { search } for pid=4132 comm="Binder_2" name="2138" dev="proc" ino=8645 scontext=u:r:untrusted_app:s0:c512,c768 tcontext=u:r:zygote:s0 tclass=dir permissive=0
emulator: onGuestRecvData: [0x7ffa9a0bb390] Adb closed by host
emulator: onGuestClose: [0x7ffa9a0bb390] Adb closed by guest
emulator: onGuestSendCommand: [0x7ffa97a03b30] Adb connected, start proxing data
[  114.204897] binder: 1296:1677 transaction failed 29189, size 164-0
[  122.998199] healthd: battery l=100 v=0 t=0.0 h=2 st=2 chg=a
[  126.491132] type=1400 audit(1489954262.505:30): avc: denied { search } for pid=4131 comm="Binder_1" name="2138" dev="proc" ino=8645 scontext=u:r:untrusted_app:s0:c512,c768 tcontext=u:r:zygote:s0 tclass=dir permissive=0
[  126.892720] type=1400 audit(1489954262.935:31): avc: denied { search } for pid=4166 comm="Binder_3" name="2138" dev="proc" ino=8645 scontext=u:r:untrusted_app:s0:c512,c768 tcontext=u:r:zygote:s0 tclass=dir permissive=0
[  127.103757] type=1400 audit(1489954263.145:32): avc: denied { read } for pid=4131 comm="Binder_1" name="/" dev="tmpfs" ino=3073 scontext=u:r:untrusted_app:s0:c512,c768 tcontext=u:object_r:device:s0 tclass=dir permissive=0
[  127.356312] type=1400 audit(1489954263.395:33): avc: denied { read } for pid=4166 comm="Binder_3" name="/" dev="tmpfs" ino=3073 scontext=u:r:untrusted_app:s0:c512,c768 tcontext=u:object_r:device:s0 tclass=dir permissive=0
[  182.996615] healthd: battery l=100 v=0 t=0.0 h=2 st=2 chg=a
[  198.132461] type=1400 audit(1489954334.175:34): avc: denied { search } for pid=4949 comm="Binder_4" name="2138" dev="proc" ino=8645 scontext=u:r:untrusted_app:s0:c512,c768 tcontext=u:r:zygote:s0 tclass=dir permissive=0
[  198.347248] type=1400 audit(1489954334.385:35): avc: denied { read } for pid=4949 comm="Binder_4" name="/" dev="tmpfs" ino=3073 scontext=u:r:untrusted_app:s0:c512,c768 tcontext=u:object_r:device:s0 tclass=dir permissive=0
[  242.997145] healthd: battery l=100 v=0 t=0.0 h=2 st=2 chg=a
[  270.586526] binder: release 4479:4496 transaction 211650 out, still active
[  270.614301] binder: 2411:2643 transaction failed 29189, size 4-0
[  270.616880] binder: send failed reply for transaction 211650, target dead
[  302.997345] healthd: battery l=100 v=0 t=0.0 h=2 st=2 chg=a
emulator: Emulator killed by console kill command.

coreaudio: Could not lock voice for audioOutputDeviceIOProc
Reason: Invalid argument
coreaudio: Could not lock voice for audioOutputDeviceIOProc
Reason: Invalid argument
coreaudio: Could not lock voice for audioOutputDeviceIOProc
Reason: Invalid argument
